
> family-safety-app@0.1.0 build
> next build

笆ｲ Next.js 16.1.6 (Turbopack)
- Environments: .env.local

  Creating an optimized production build ...
node.exe : 
発生場所 行:1 文字:1
+ & "C:\Program Files\nodejs/node
.exe" "C:\Program Files\nodejs/no
de_mo ...
+ ~~~~~~~~~~~~~~~~~~~~~~~~~~~~~~~
~~~~~~~~~~~~~~~~~~~~~~~~~~~~~~~~~
~~~~~
    + CategoryInfo          : Not
    Specified: (:String) [], Remo
    teException
    + FullyQualifiedErrorId : Nat
    iveCommandError
 
> Build error occurred
Error: Turbopack build failed wit
h 1 errors:
./src/lib/supabase.ts:1:1
Module not found: Can't resolve '
@supabase/supabase-js'
[0m[31m[1m>[22m[39m[90m 1 |
[39m [36mimport[39m { createCl
ient } [36mfrom[39m [32m'@supa
base/supabase-js'[39m[33m;[39m
 [90m   |[39m [31m[1m^[22m[
39m[31m[1m^[22m[39m[31m[1m^
[22m[39m[31m[1m^[22m[39m[3
1m[1m^[22m[39m[31m[1m^[22m
[39m[31m[1m^[22m[39m[31m[1m
^[22m[39m[31m[1m^[22m[39m[
31m[1m^[22m[39m[31m[1m^[22m
[39m[31m[1m^[22m[39m[31m[1
m^[22m[39m[31m[1m^[22m[39m
[31m[1m^[22m[39m[31m[1m^[22
m[39m[31m[1m^[22m[39m[31m[
1m^[22m[39m[31m[1m^[22m[39m
[31m[1m^[22m[39m[31m[1m^[2
2m[39m[31m[1m^[22m[39m[31m
[1m^[22m[39m[31m[1m^[22m[39
m[31m[1m^[22m[39m[31m[1m^[
22m[39m[31m[1m^[22m[39m[31m
[1m^[22m[39m[31m[1m^[22m[3
9m[31m[1m^[22m[39m[31m[1m^
[22m[39m[31m[1m^[22m[39m[31
m[1m^[22m[39m[31m[1m^[22m[
39m[31m[1m^[22m[39m[31m[1m^
[22m[39m[31m[1m^[22m[39m[3
1m[1m^[22m[39m[31m[1m^[22m
[39m[31m[1m^[22m[39m[31m[1m
^[22m[39m[31m[1m^[22m[39m[
31m[1m^[22m[39m[31m[1m^[22m
[39m[31m[1m^[22m[39m[31m[1
m^[22m[39m[31m[1m^[22m[39m
[31m[1m^[22m[39m[31m[1m^[22
m[39m[31m[1m^[22m[39m[31m[
1m^[22m[39m[31m[1m^[22m[39m
[31m[1m^[22m[39m
 [90m 2 |[39m
 [90m 3 |[39m [36mconst[39m s
upabaseUrl [33m=[39m process[3
3m.[39menv[33m.[39m[33mNEXT_P
UBLIC_SUPABASE_URL[39m [33m||[
39m [32m''[39m[33m;[39m
 [90m 4 |[39m [36mconst[39m s
upabaseAnonKey [33m=[39m proces
s[33m.[39menv[33m.[39m[33mNE
XT_PUBLIC_SUPABASE_ANON_KEY[39m 
[33m||[39m [32m''[39m[33m;[
39m[0m



Import traces:
  Client Component Browser:
    ./src/lib/supabase.ts [Client
 Component Browser]
    ./src/hooks/useFamilyLocation
.ts [Client Component Browser]
    ./src/components/Shelter/Near
byShelters.tsx [Client Component 
Browser]
    ./src/app/shelter/page.tsx [C
lient Component Browser]
    ./src/app/shelter/page.tsx [S
erver Component]

  Client Component SSR:
    ./src/lib/supabase.ts [Client
 Component SSR]
    ./src/hooks/useFamilyLocation
.ts [Client Component SSR]
    ./src/components/Shelter/Near
byShelters.tsx [Client Component 
SSR]
    ./src/app/shelter/page.tsx [C
lient Component SSR]
    ./src/app/shelter/page.tsx [S
erver Component]

https://nextjs.org/docs/messages/
module-not-found


    at <unknown> (./src/lib/supab
ase.ts:1:1)
    at <unknown> (https://nextjs.
org/docs/messages/module-not-foun
d)
