node.exe : Vercel CLI 50.22.0
発生場所 行:1 文字:1
+ & "C:\Program Files\nodejs/node.
exe" "C:\Program Files\nodejs/node
_mo ...
+ ~~~~~~~~~~~~~~~~~~~~~~~~~~~~~~~~
~~~~~~~~~~~~~~~~~~~~~~~~~~~~~~~~~~
~~~
    + CategoryInfo          : Not 
   Specified: (Vercel CLI 50.22.  
  0:String) [], RemoteException
    + FullyQualifiedErrorId : Nat 
   iveCommandError
 
Retrieving project窶ｦ
Deploying nac1202s-projects/family
-safety-app
Uploading [--------------------] (
0.0B/433.8KB)
Uploading [=====---------------] (
110.4KB/433.8KB)
Uploading [==========----------] (
222.4KB/433.8KB)
Uploading [===============-----] (
334.4KB/433.8KB)
Uploading [====================] (
433.8KB/433.8KB)
Inspect: https://vercel.com/nac120
2s-projects/family-safety-app/9cHR
bGsvZhxUnf3zBAUMz2TvZuKo [3s]
Production: https://family-safety-
hd6dg2ftp-nac1202s-projects.vercel
.app [3s]
Building...
Building...
Building: Running build in Washing
ton, D.C., USA (East) 窶・iad1
Building: Build machine configurat
ion: 4 cores, 8 GB
Building: Retrieving list of deplo
yment files...
Building: Downloading 167 deployme
nt files...
Building: Restored build cache fro
m previous deployment (4ntu2xys93f
NY3bKDAYnKcJvS18W)
Building: Running "vercel build"
Building: Vercel CLI 50.22.0
Building: Installing dependencies.
..
Building: added 13 packages in 1s
Building: 229 packages are looking
 for funding
Building: run `npm fund` for detai
ls
Building: Detected Next.js version
: 16.1.6
Building: Running "npm run build"
Building: > family-safety-app@0.1.
0 build
Building: > next build
Building: 笆ｲ Next.js 16.1.6 (Turbo
pack)
Building: Creating an optimized pr
oduction build ...
Building: 笨・Compiled successfully 
in 5.1s
Building: Running TypeScript ...
Building: Collecting page data usi
ng 3 workers ...
Building: Generating static pages 
using 3 workers (0/38) ...
Building: Generating static pages 
using 3 workers (9/38)
Building: Generating static pages 
using 3 workers (18/38)
Building: Generating static pages 
using 3 workers (28/38)
Building: 笨・Generating static page
s using 3 workers (38/38) in 569.1
ms
Building: Finalizing page optimiza
tion ...
Building: Route (app)
Building: 笏・笳・/
Building: 笏・笳・/_not-found
Building: 笏・ﾆ・/api/push/send-alert
Building: 笏・ﾆ・/api/push/subscribe
Building: 笏・笳・/firstaid
Building: 笏・笳・/group
Building: 笏・笳・/guide
Building: 笏・笳・/guide/[id]
Building: 笏・笏・/guide/earthquake-im
mediate
Building: 笏・笏・/guide/fire-evacuati
on
Building: 笏・笏・/guide/heatstroke
Building: 笏・笏・[+19 more paths]
Building: 笏・笳・/login
Building: 笏・笳・/map
Building: 笏・笳・/profile
Building: 笏・笳・/safety
Building: 笏・笳・/security
Building: 笏・笳・/settings/notificati
ons
Building: 笏・笳・/shelter
Building: 笳・ (Static)   prerendere
d as static content
Building: 笳・ (SSG)      prerendere
d as static HTML (uses generateSta
ticParams)
Building: ﾆ・ (Dynamic)  server-ren
dered on demand
Building: Traced Next.js server fi
les in: 53.141ms
Building: Created all serverless f
unctions in: 143.273ms
Building: Collected static files (
public/, static/, .next/static): 6
.06ms
Building: Build Completed in /verc
el/output [17s]
Building: Deploying outputs...
Building: Deployment completed
[2K[1A[2K[GProduction: https:/
/family-safety-hd6dg2ftp-nac1202s-
projects.vercel.app [36s]
Completing...
Aliased: https://family-safety-app
-omega.vercel.app [36s]
https://family-safety-hd6dg2ftp-nac1202s-projects.vercel.app
